I'm sorry, but errors were detected in your script. Please correct the
errors listed below, and try again.


File "game/options.rpy", line 182: Line is indented, but the preceding define statement statement does not expect a block. Please check this line's indentation.
    build.classify('**~', None)
    ^

Ren'Py Version: Ren'Py 8.0.3.22090809
Sun Feb  5 15:31:59 2023
